// Vitest Snapshot v1, https://vitest.dev/guide/snapshot.html

exports[`削除がある場合 1`] = `
"


\`\`\`bash
tsg --include src/B.tsx src/A.tsx --highlight src/B.tsx src/A.tsx --exclude node_modules --abstraction src/1
\`\`\`

### Base Branch

\`\`\`mermaid
flowchart
    classDef modified fill:yellow,stroke:#999,color:black
    classDef deleted fill:dimgray,stroke:#999,color:black,stroke-dasharray: 4 4,stroke-width:2px;
    subgraph src["src"]
        src/A.tsx["A"]:::modified
        src/B.tsx["B"]:::deleted
        src/C.tsx["C"]
        src/1["/1"]:::dir
    end
    src/A.tsx-->src/B.tsx
    src/A.tsx-->src/C.tsx
    src/A.tsx-->src/1

\`\`\`

### Head Branch

\`\`\`mermaid
flowchart
    classDef modified fill:yellow,stroke:#999,color:black
    subgraph src["src"]
        src/A.tsx["A"]:::modified
        src/C.tsx["C"]
        src/1["/1"]:::dir
    end
    src/A.tsx-->src/C.tsx
    src/A.tsx-->src/1

\`\`\`



"
`;
